ASxxxx Linker V03.00 + NoICE + sdld,  page 1.
Hexadecimal  [32-Bits]

Area                                    Addr        Size        Decimal Bytes (Attributes)
--------------------------------        ----        ----        ------- ----- ------------
.  .ABS.                            00000000    00000000 =           0. bytes (ABS,CON)

      Value  Global                              Global Defined In Module
      -----  --------------------------------   ------------------------
     00000000  .__.ABS.                           
     00000000  l__BSEG                         
     00000000  l__BSS                          
     00000000  l__CABS                         
     00000000  l__DABS                         
     00000000  l__HEADER                       
     00000000  l__HEAP                         
     00000000  l__HOME                         
     00000000  s__CABS                         
     00000000  s__DABS                         
     00000000  s__HEADER                       
     00000000  s__HEADER0                      
     00000000  s__HEADER1                      
     00000001  l__GSFINAL                      
     00000002  l__DATA                         
     00000003  l__HEADER0                      
     00000009  l__HEADER1                      
     0000000F  l__GSINIT                       
     00000016  l__INITIALIZED                  
     00000016  l__INITIALIZER                  
     00000138  s__CODE                         
     0000067C  l__CODE                         
     000007B4  s__DATA                         
     000007B6  s__INITIALIZED                  
     000007CC  s__GSINIT                       
     000007CC  s__HOME                         
     000007DB  s__GSFINAL                      
     000007DC  s__INITIALIZER                  
     000007F2  s__BSEG                         
     000007F2  s__BSS                          
     000007F2  s__HEAP                         

ASxxxx Linker V03.00 + NoICE + sdld,  page 2.
Hexadecimal  [32-Bits]

Area                                    Addr        Size        Decimal Bytes (Attributes)
--------------------------------        ----        ----        ------- ----- ------------
_CODE                               00000138    0000067C =        1660. bytes (REL,CON)

      Value  Global                              Global Defined In Module
      -----  --------------------------------   ------------------------
     00000138  _sprites                           test02
     00000138  _sprites_start                     test02
     000001FD  _pause                             test02
     000001FD  _pause_start                       test02
     000001FD  _sprites_end                       test02
     0000020F  _pause_end                         test02
     0000020F  _setColours                        test02
     0000020F  _setColours_start                  test02
     00000232  _main                              test02
     00000232  _main_start                        test02
     00000232  _setColours_end                    test02
     00000390  __clock                            crt0
     00000390  _main_end                          test02
     00000391  _exit                              crt0
     00000392  _cpc_DisableFirmware               
     000003A5  _cpc_EnableFirmware                
     000003B2  _cpc_SetMode                       
     000003C0  _cpc_SetColour                     
     000003D2  _cpc_SetInk                        
     000003DD  _cpc_Random                        
     000003EC  _cpc_ClrScr                        
     000003FA  _cpc_PrintStr                      
     0000041A  _cpc_RLI                           
     00000456  _cpc_RRI                           
     00000492  _drawSprite_clipping_m0            

ASxxxx Linker V03.00 + NoICE + sdld,  page 3.
Hexadecimal  [32-Bits]

Area                                    Addr        Size        Decimal Bytes (Attributes)
--------------------------------        ----        ----        ------- ----- ------------
_DATA                               000007B4    00000002 =           2. bytes (REL,CON)

      Value  Global                              Global Defined In Module
      -----  --------------------------------   ------------------------
     000007B4  _pos_ship                          test02

ASxxxx Linker V03.00 + NoICE + sdld,  page 4.
Hexadecimal  [32-Bits]

Area                                    Addr        Size        Decimal Bytes (Attributes)
--------------------------------        ----        ----        ------- ----- ------------
_INITIALIZED                        000007B6    00000016 =          22. bytes (REL,CON)

      Value  Global                              Global Defined In Module
      -----  --------------------------------   ------------------------
     000007B6  _redFlag                           test02
     000007C4  _way_points                        test02

ASxxxx Linker V03.00 + NoICE + sdld,  page 5.
Hexadecimal  [32-Bits]

Area                                    Addr        Size        Decimal Bytes (Attributes)
--------------------------------        ----        ----        ------- ----- ------------
_GSINIT                             000007CC    0000000F =          15. bytes (REL,CON)

      Value  Global                              Global Defined In Module
      -----  --------------------------------   ------------------------
     000007CC  gsinit                             crt0

ASxxxx Linker V03.00 + NoICE + sdld,  page 6.
Hexadecimal  [32-Bits]

Area                                    Addr        Size        Decimal Bytes (Attributes)
--------------------------------        ----        ----        ------- ----- ------------
_GSFINAL                            000007DB    00000001 =           1. bytes (REL,CON)

      Value  Global                              Global Defined In Module
      -----  --------------------------------   ------------------------
ASxxxx Linker V03.00 + NoICE + sdld,  page 7.
Hexadecimal  [32-Bits]

Area                                    Addr        Size        Decimal Bytes (Attributes)
--------------------------------        ----        ----        ------- ----- ------------
_INITIALIZER                        000007DC    00000016 =          22. bytes (REL,CON)

      Value  Global                              Global Defined In Module
      -----  --------------------------------   ------------------------
ASxxxx Linker V03.00 + NoICE + sdld,  page 8.
Hexadecimal  [32-Bits]

Area                                    Addr        Size        Decimal Bytes (Attributes)
--------------------------------        ----        ----        ------- ----- ------------
_HEADER0                            00000000    00000003 =           3. bytes (ABS,CON)

      Value  Global                              Global Defined In Module
      -----  --------------------------------   ------------------------
ASxxxx Linker V03.00 + NoICE + sdld,  page 9.
Hexadecimal  [32-Bits]

Area                                    Addr        Size        Decimal Bytes (Attributes)
--------------------------------        ----        ----        ------- ----- ------------
_HEADER1                            00000000    00000009 =           9. bytes (ABS,CON)

      Value  Global                              Global Defined In Module
      -----  --------------------------------   ------------------------
ASxxxx Linker V03.00 + NoICE + sdld,  page 10.

Files Linked                              [ module(s) ]

test02.rel                                [ test02 ]
crt0_cpc.rel                              [ crt0 ]


Libraries Linked                          [ object file ]

/Developer/sdcc/bin/../share/sdcc/lib/z80/cpcrslib2.lib
                                          [ cpcrslib2.rel ]
/Developer/sdcc/bin/../share/sdcc/lib/z80/alienlib.lib
                                          [ sprite_clipping.rel ]

ASxxxx Linker V03.00 + NoICE + sdld,  page 11.

User Base Address Definitions

_CODE = 0x0138
_DATA = 0x0000

