ASxxxx Linker V03.00 + NoICE + sdld,  page 1.
Hexadecimal  [32-Bits]

Area                                    Addr        Size        Decimal Bytes (Attributes)
--------------------------------        ----        ----        ------- ----- ------------
.  .ABS.                            00000000    00000000 =           0. bytes (ABS,CON)

      Value  Global                              Global Defined In Module
      -----  --------------------------------   ------------------------
     00000000  .__.ABS.                           
     00000000  l__BSEG                         
     00000000  l__BSS                          
     00000000  l__CABS                         
     00000000  l__DABS                         
     00000000  l__DATA                         
     00000000  l__HEADER                       
     00000000  l__HEAP                         
     00000000  l__HOME                         
     00000000  s__CABS                         
     00000000  s__DABS                         
     00000000  s__HEADER                       
     00000000  s__HEADER0                      
     00000000  s__HEADER1                      
     00000001  l__GSFINAL                      
     00000003  l__HEADER0                      
     00000009  l__HEADER1                      
     0000000F  l__GSINIT                       
     00000022  l__INITIALIZED                  
     00000022  l__INITIALIZER                  
     00000138  s__CODE                         
     000004F8  l__CODE                         
     00000630  s__DATA                         
     00000630  s__INITIALIZED                  
     00000652  s__GSINIT                       
     00000652  s__HOME                         
     00000661  s__GSFINAL                      
     00000662  s__INITIALIZER                  
     00000684  s__BSEG                         
     00000684  s__BSS                          
     00000684  s__HEAP                         

ASxxxx Linker V03.00 + NoICE + sdld,  page 2.
Hexadecimal  [32-Bits]

Area                                    Addr        Size        Decimal Bytes (Attributes)
--------------------------------        ----        ----        ------- ----- ------------
_CODE                               00000138    000004F8 =        1272. bytes (REL,CON)

      Value  Global                              Global Defined In Module
      -----  --------------------------------   ------------------------
     00000138  _pause                             test01
     00000138  _pause_start                       test01
     0000014A  _pause_end                         test01
     0000014A  _setColours                        test01
     0000014A  _setColours_start                  test01
     00000165  _main                              test01
     00000165  _main_start                        test01
     00000165  _setColours_end                    test01
     0000020C  __clock                            crt0
     0000020C  _main_end                          test01
     0000020D  _exit                              crt0
     0000020E  _cpc_DisableFirmware               
     00000221  _cpc_EnableFirmware                
     0000022E  _cpc_SetMode                       
     0000023C  _cpc_SetColour                     
     0000024E  _cpc_SetInk                        
     00000259  _cpc_Random                        
     00000268  _cpc_ClrScr                        
     00000276  _cpc_PrintStr                      
     00000296  _cpc_RLI                           
     000002D2  _cpc_RRI                           
     0000030E  _drawSprite_clipping_m0            

ASxxxx Linker V03.00 + NoICE + sdld,  page 3.
Hexadecimal  [32-Bits]

Area                                    Addr        Size        Decimal Bytes (Attributes)
--------------------------------        ----        ----        ------- ----- ------------
_INITIALIZED                        00000630    00000022 =          34. bytes (REL,CON)

      Value  Global                              Global Defined In Module
      -----  --------------------------------   ------------------------
     00000630  _heart                             test01
     00000641  _tintas                            test01

ASxxxx Linker V03.00 + NoICE + sdld,  page 4.
Hexadecimal  [32-Bits]

Area                                    Addr        Size        Decimal Bytes (Attributes)
--------------------------------        ----        ----        ------- ----- ------------
_GSINIT                             00000652    0000000F =          15. bytes (REL,CON)

      Value  Global                              Global Defined In Module
      -----  --------------------------------   ------------------------
     00000652  gsinit                             crt0

ASxxxx Linker V03.00 + NoICE + sdld,  page 5.
Hexadecimal  [32-Bits]

Area                                    Addr        Size        Decimal Bytes (Attributes)
--------------------------------        ----        ----        ------- ----- ------------
_GSFINAL                            00000661    00000001 =           1. bytes (REL,CON)

      Value  Global                              Global Defined In Module
      -----  --------------------------------   ------------------------
ASxxxx Linker V03.00 + NoICE + sdld,  page 6.
Hexadecimal  [32-Bits]

Area                                    Addr        Size        Decimal Bytes (Attributes)
--------------------------------        ----        ----        ------- ----- ------------
_INITIALIZER                        00000662    00000022 =          34. bytes (REL,CON)

      Value  Global                              Global Defined In Module
      -----  --------------------------------   ------------------------
ASxxxx Linker V03.00 + NoICE + sdld,  page 7.
Hexadecimal  [32-Bits]

Area                                    Addr        Size        Decimal Bytes (Attributes)
--------------------------------        ----        ----        ------- ----- ------------
_HEADER0                            00000000    00000003 =           3. bytes (ABS,CON)

      Value  Global                              Global Defined In Module
      -----  --------------------------------   ------------------------
ASxxxx Linker V03.00 + NoICE + sdld,  page 8.
Hexadecimal  [32-Bits]

Area                                    Addr        Size        Decimal Bytes (Attributes)
--------------------------------        ----        ----        ------- ----- ------------
_HEADER1                            00000000    00000009 =           9. bytes (ABS,CON)

      Value  Global                              Global Defined In Module
      -----  --------------------------------   ------------------------
ASxxxx Linker V03.00 + NoICE + sdld,  page 9.

Files Linked                              [ module(s) ]

test01.rel                                [ test01 ]
crt0_cpc.rel                              [ crt0 ]


Libraries Linked                          [ object file ]

C:\retro\SDCC\bin\..\lib\z80/cpcrslib2.lib
                                          [ cpcrslib2.rel ]
C:\retro\SDCC\bin\..\lib\z80/alienlib.lib
                                          [ sprite_clipping.rel ]

ASxxxx Linker V03.00 + NoICE + sdld,  page 10.

User Base Address Definitions

_CODE = 0x0138
_DATA = 0x0000

